<?xml version="1.0"?>
<testsuites>
  <testsuite name="PhantomJS 1.8 (Windows)" package="" timestamp="2013-03-19T15:48:42" id="0" hostname="SKYPE6GC4" tests="6" errors="0" failures="0" time="0.01">
    <properties>
      <property name="browser.fullName" value="Mozilla/5.0 (Windows NT 6.2; WOW64) AppleWebKit/534.34 (KHTML, like Gecko) PhantomJS/1.8.1 Safari/534.34"/>
    </properties>
    <testcase name="should not introduce non-namespaced globals" time="0.009" classname="PhantomJS 1.8 (Windows).our use of global namespace"/>
    <testcase name="should be able to play a Song" time="0" classname="PhantomJS 1.8 (Windows).Player"/>
    <testcase name="should indicate that the song is currently paused" time="0" classname="PhantomJS 1.8 (Windows).Player when song has been paused"/>
    <testcase name="should be possible to resume" time="0" classname="PhantomJS 1.8 (Windows).Player when song has been paused"/>
    <testcase name="tells the current song if the user has made it a favorite" time="0.001" classname="PhantomJS 1.8 (Windows).Player"/>
    <testcase name="should throw an exception if song is already playing" time="0" classname="PhantomJS 1.8 (Windows).Player #resume"/>
    <system-out><![CDATA[
]]></system-out>
    <system-err/>
  </testsuite>
</testsuites>
